Archive member included because of file (symbol)

board/wmt/libwmt.a(poweroff.o)
                              (__u_boot_cmd_poweroff)
board/wmt/libwmt.a(wmt_battery.o)
                              (__u_boot_cmd_batt)
board/wmt/libwmt.a(g2214_charger.o)
                              board/wmt/libwmt.a(wmt_battery.o) (is_g2214_avail)
board/wmt/libwmt.a(mp2625_charger.o)
                              board/wmt/libwmt.a(wmt_battery.o) (mp2625_charger_dev)
board/wmt/libwmt.a(ug31xx_boot.o)
                              board/wmt/libwmt.a(wmt_battery.o) (ug31xx_battery_dev)
board/wmt/libwmt.a(ug31xx_boot_i2c.o)
                              board/wmt/libwmt.a(ug31xx_boot.o) (ug31xx_init_i2c)
board/wmt/libwmt.a(vt1603_battery.o)
                              (__u_boot_cmd_adc)
board/wmt/libwmt.a(sp2541_battery.o)
                              board/wmt/libwmt.a(wmt_battery.o) (sp2541_battery_dev)
board/wmt/libwmt.a(bq_battery_i2c.o)
                              board/wmt/libwmt.a(wmt_battery.o) (bq_battery_dev)
board/wmt/libwmt.a(lowlevel_init.o)
                              cpu/arm920t/start.o (lowlevel_init)
board/wmt/libwmt.a(wmt_clk.o)
                              board/wmt/libwmt.a(vt1603_battery.o) (auto_pll_divisor)
board/wmt/libwmt.a(wmt_i2c.o)
                              board/wmt/libwmt.a(g2214_charger.o) (wmt_i2c_transfer)
board/wmt/libwmt.a(wmt_i2c_1.o)
                              board/wmt/libwmt.a(wmt_i2c.o) (i2c1_transfer)
board/wmt/libwmt.a(wmt_i2c_2.o)
                              board/wmt/libwmt.a(wmt_i2c.o) (i2c2_transfer)
board/wmt/libwmt.a(wmt_i2c_3.o)
                              board/wmt/libwmt.a(wmt_i2c.o) (i2c3_transfer)
board/wmt/libwmt.a(wmt_spi_0.o)
                              board/wmt/libwmt.a(vt1603_battery.o) (spi_write_then_read_data)
board/wmt/libwmt.a(wmt_gpio.o)
                              board/wmt/libwmt.a(mp2625_charger.o) (__gpio_get_value)
board/wmt/libwmt.a(uG31xx_API_Measurement.o)
                              board/wmt/libwmt.a(ug31xx_boot.o) (UpiResetCoulombCounter)
board/wmt/libwmt.a(uG31xx_API_Otp.o)
                              board/wmt/libwmt.a(ug31xx_boot.o) (UpiConvertOtp)
board/wmt/libwmt.a(uG31xx_API_System.o)
                              board/wmt/libwmt.a(ug31xx_boot.o) (UpiInitSystemData)
board/wmt/libwmt.a(wmt_ost.o)
                              board/wmt/libwmt.a(uG31xx_API_Measurement.o) (wmt_idle_us)
cpu/arm920t/libarm920t.a(interrupts.o)
                              cpu/arm920t/start.o (do_undefined_instruction)
cpu/arm920t/wmt/libwmt.a(interrupts.o)
                              board/wmt/libwmt.a(vt1603_battery.o) (udelay)
lib_arm/libarm.a(board.o)     cpu/arm920t/start.o (start_armboot)
net/libnet.a(net.o)           lib_arm/libarm.a(board.o) (copy_filename)
net/libnet.a(tftp.o)          net/libnet.a(net.o) (TftpStart)
net/libnet.a(bootp.o)         net/libnet.a(net.o) (BootpRequest)
net/libnet.a(rarp.o)          net/libnet.a(net.o) (RarpRequest)
net/libnet.a(eth.o)           net/libnet.a(net.o) (eth_get_dev)
common/libcommon.a(main.o)    lib_arm/libarm.a(board.o) (run_command)
common/libcommon.a(cmd_autoscript.o)
                              (__u_boot_cmd_autoscr)
common/libcommon.a(cmd_bdinfo.o)
                              (__u_boot_cmd_bdinfo)
common/libcommon.a(cmd_boot.o)
                              (__u_boot_cmd_go)
common/libcommon.a(cmd_bootm.o)
                              common/libcommon.a(main.o) (do_bootd)
common/libcommon.a(cmd_console.o)
                              (__u_boot_cmd_coninfo)
common/libcommon.a(cmd_mkfsfat.o)
                              (__u_boot_cmd_mkfsfat12)
common/libcommon.a(cmd_fat.o)
                              common/libcommon.a(cmd_mkfsfat.o) (get_dev)
common/libcommon.a(cmd_flash.o)
                              (__u_boot_cmd_flinfo)
common/libcommon.a(cmd_load.o)
                              (__u_boot_cmd_loadb)
common/libcommon.a(cmd_mem.o)
                              (__u_boot_cmd_md)
common/libcommon.a(cmd_mii.o)
                              (__u_boot_cmd_mii)
common/libcommon.a(cmd_misc.o)
                              (__u_boot_cmd_sleep)
common/libcommon.a(cmd_mmc.o)
                              (__u_boot_cmd_mmcinit)
common/libcommon.a(cmd_dma.o)
                              (__u_boot_cmd_dmacp)
common/libcommon.a(cmd_nand.o)
                              lib_arm/libarm.a(board.o) (nand_probe)
common/libcommon.a(cmd_net.o)
                              (__u_boot_cmd_bootp)
common/libcommon.a(cmd_nvedit.o)
                              common/libcommon.a(cmd_mmc.o) (do_setenv)
common/libcommon.a(cmd_usb.o)
                              (__u_boot_cmd_usb)
common/libcommon.a(cmd_rsa.o)
                              common/libcommon.a(cmd_mmc.o) (image_rsa_check)
common/libcommon.a(command.o)
                              common/libcommon.a(main.o) (find_cmd)
common/libcommon.a(console.o)
                              board/wmt/libwmt.a(wmt_battery.o) (printf)
[...]
Memory Configuration

Name             Origin             Length             Attributes
*default*        0x00000000         0xffffffff

Linker script and memory map

                0x00000000                . = 0x0
                0x00000000                . = ALIGN (0x4)

.text           0x03f80000    0x6263c
 cpu/arm920t/start.o(.text)
 .text          0x03f80000      0x480 cpu/arm920t/start.o
                0x03f80000                _start
                0x03f80044                _armboot_start
                0x03f80048                _bss_start
                0x03f8004c                _bss_end
                0x03f803b8                memset_32Byte
                0x03f8042c                memcpy_32Byte
 *(.text)
 .text          0x03f80480       0x70 board/wmt/libwmt.a(poweroff.o)
                0x03f80480                do_wmt_poweroff
 .text          0x03f804f0      0x8d8 board/wmt/libwmt.a(wmt_battery.o)
                0x03f805a8                wmt_power_supply_init
                0x03f80870                pmic_init
                0x03f8088c                wmt_charger_cable_type
                0x03f808e8                wmt_charger_pc_charging
                0x03f80934                wmt_battery_get_voltage
                0x03f80990                wmt_battery_get_current
                0x03f809ec                wmt_battery_is_lowlevel
                0x03f80a48                wmt_battery_is_charging_full
                0x03f80abc                wmt_charger_event_callback
                0x03f80c3c                wmt_battery_is_gauge
                0x03f80c7c                wmt_battery_get_capacity
 .text          0x03f80dc8      0x5f8 board/wmt/libwmt.a(g2214_charger.o)
                0x03f81364                is_g2214_avail
                0x03f8136c                g2214_pmic_init
 .text          0x03f813c0      0x254 board/wmt/libwmt.a(mp2625_charger.o)
 .text          0x03f81614      0xb4c board/wmt/libwmt.a(ug31xx_boot.o)
                0x03f8171c                GetTickCount
                0x03f81724                GetSysTickCount
                0x03f8172c                CheckRsocBeforeTP
                0x03f8177c                ResetFullCharge
                0x03f81788                FullChargeCheck
                0x03f81814                SetMemoryMapping
                0x03f81884                InitCharge
                0x03f81964                UpiBootInitial
                0x03f81cfc                upi_boot_init
                0x03f81eb4                UpiBootMain
                0x03f82024                upi_read_current
                0x03f82054                upi_read_voltage
                0x03f82084                upi_read_percentage
                0x03f8213c                UpiBootUnInitial
 .text          0x03f82160      0x26c board/wmt/libwmt.a(ug31xx_boot_i2c.o)
                0x03f82160                ug31xx_init_i2c
                0x03f82170                ug31xx_read_i2c
                0x03f82240                ug31xx_write_i2c
                0x03f822d4                _API_I2C_Write
                0x03f8234c                _API_I2C_Read
 .text          0x03f823cc      0x8f0 board/wmt/libwmt.a(vt1603_battery.o)
                0x03f82788                vt1603_batt_init
                0x03f82ad0                vt1603_read_voltage
                0x03f82b10                vt1603_read_capacity
                0x03f82c28                vt1603_check_bl
 .text          0x03f82cbc      0x3a0 board/wmt/libwmt.a(sp2541_battery.o)
 .text          0x03f8305c      0x230 board/wmt/libwmt.a(bq_battery_i2c.o)
 .text          0x03f8328c        0x8 board/wmt/libwmt.a(lowlevel_init.o)
                0x03f83290                lowlevel_init
 .text          0x03f83294      0xf88 board/wmt/libwmt.a(wmt_clk.o)
                0x03f8369c                check_clk_enabled
                0x03f836f4                get_pll_freq
                0x03f83754                auto_pll_divisor
                0x03f84060                manu_pll_divisor
 .text          0x03f8421c      0x724 board/wmt/libwmt.a(wmt_i2c.o)
                0x03f8427c                i2c_init
                0x03f8437c                i2c_transfer
                0x03f84724                i2c_probe
                0x03f8472c                i2c_read
                0x03f847f4                i2c_write
                0x03f848a8                i2c_reg_read
                0x03f848c8                i2c_reg_write
                0x03f848e8                wmt_i2c_transfer
 .text          0x03f84940      0x68c board/wmt/libwmt.a(wmt_i2c_1.o)
                0x03f849a0                i2c1_init
                0x03f84a60                i2c1_transfer
                0x03f84e08                i2c1_probe
                0x03f84e10                i2c1_read
                0x03f84ed8                i2c1_write
                0x03f84f8c                i2c1_reg_read
                0x03f84fac                i2c1_reg_write
 .text          0x03f84fcc      0x684 board/wmt/libwmt.a(wmt_i2c_2.o)
                0x03f8502c                i2c2_init
                0x03f850e4                i2c2_transfer
                0x03f8548c                i2c2_probe
                0x03f85494                i2c2_read
                0x03f8555c                i2c2_write
                0x03f85610                i2c2_reg_read
                0x03f85630                i2c2_reg_write
 .text          0x03f85650      0x68c board/wmt/libwmt.a(wmt_i2c_3.o)
                0x03f856b0                i2c3_init
                0x03f85770                i2c3_transfer
                0x03f85b18                i2c3_probe
                0x03f85b20                i2c3_read
                0x03f85be8                i2c3_write
                0x03f85c9c                i2c3_reg_read
                0x03f85cbc                i2c3_reg_write
 .text          0x03f85cdc      0x80c board/wmt/libwmt.a(wmt_spi_0.o)
                0x03f85cdc                spi_init_clock
                0x03f85d58                spi_info_reset
                0x03f85e28                spi_init
                0x03f85f2c                spi_get_info
                0x03f85f48                spi_set_reg
                0x03f8616c                spi_enable
                0x03f861dc                spi_disable
                0x03f8624c                spi_tx_polling
                0x03f862a0                set_spi_freq
                0x03f862b0                spi_write_then_read_data
                0x03f863cc                spi1_write_then_read_data
 .text          0x03f864e8      0x3b4 board/wmt/libwmt.a(wmt_gpio.o)
                0x03f865f4                gpio_free
                0x03f86634                __gpio_get_value
                0x03f86674                __gpio_set_value
                0x03f866c4                gpio_direction_input
                0x03f866fc                gpio_direction_output
                0x03f86744                gpio_setpull
                0x03f867c8                parse_gpio_env
 .text          0x03f8689c      0xed4 board/wmt/libwmt.a(uG31xx_API_Measurement.o)
                0x03f868a4                ConvertAdc1Data
                0x03f86980                ConvertAdc2Data
                0x03f86a48                CalAdc1Factors
                0x03f86b10                CalAdc2Factors
                0x03f86bd8                CalibrateAdc1Code
                0x03f86c78                CalibrateAdc2Code
                0x03f86d18                CalibrateITCode
                0x03f86d50                CalibrateChargeCode
                0x03f86e00                ConvertBat1
                0x03f86e4c                ConvertCurrent
                0x03f86ec4                ConvertIntTemperature
                0x03f86f58                ConvertExtTemperature
                0x03f8701c                CalculateAdc1ConvertTime
                0x03f87040                ConvertCharge
                0x03f87158                TimeTick
                0x03f871e4                ReadRegister
                0x03f87260                ResetCoulombCounter
                0x03f87294                RevertCalibrateAdc2Code
                0x03f8731c                RevertBat1Code
                0x03f87370                RevertETCode
                0x03f87414                CalibrateETCode
                0x03f87474                UpiResetCoulombCounter
                0x03f874e4                UpiMeasurement
                0x03f876d4                UpiMeasAlarmThreshold
 .text          0x03f87770      0x2d4 board/wmt/libwmt.a(uG31xx_API_Otp.o)
                0x03f87770                ConvOtp1E0
                0x03f87794                ConvOtp1E1
                0x03f877bc                ConvOtp1E2
                0x03f877e4                ConvOtp1E3
                0x03f8780c                ConvOtp2F0
                0x03f87844                ConvOtp2F1
                0x03f87848                ConvOtp2F2
                0x03f8785c                ConvOtp2F3
                0x03f87860                ConvOtp2F4
                0x03f87888                ConvOtp2F5
                0x03f8789c                ConvOtp2F6
                0x03f878b0                ConvOtp2F7
                0x03f878c4                ConvOtp2F8
                0x03f878d8                ConvOtp2F9
                0x03f878dc                ConvOtp2FA
                0x03f878f0                ConvOtp2FB
                0x03f878f4                ConvOtp2FC
                0x03f87918                ConvOtp2FD
                0x03f8791c                ConvOtp2FE
                0x03f87930                ConvOtp2FF
                0x03f87934                ConvOtp370
                0x03f8796c                ConvOtp371
                0x03f87980                ConvOtp372
                0x03f879c8                ConvOtp373
                0x03f879dc                CheckOtpISEmpty
                0x03f879f4                UpiConvertOtp
 .text          0x03f87a44      0xc48 board/wmt/libwmt.a(uG31xx_API_System.o)
                0x03f87a70                ReadGGBXFileToCellDataAndInitSetting
                0x03f87b14                GetCellNum
                0x03f87b54                SetupAdcChopFunction
                0x03f87b64                SetupAdc1Queue
                0x03f87b98                SetupAdc2Quene
                0x03f87bfc                EnableCbc
                0x03f87c3c                EnableICType
                0x03f87c78                ConfigGpioFunction
                0x03f87c9c                ConfigureGpio
                0x03f87cfc                CheckAdcStatusFail
                0x03f87d9c                DecimateRst
                0x03f87df8                AlarmEnable
                0x03f87e30                AlarmDisable
                0x03f87e68                ProcUVAlarm
                0x03f87f34                ProcETAlarm
                0x03f880b4                EnableAlarm
                0x03f880cc                UpiInitSystemData
                0x03f88104                UpiCheckICActive
                0x03f88138                UpiActiveUg31xx
                0x03f881dc                UpiSetupAdc
                0x03f88228                UpiSetupSystem
                0x03f88260                UpiCalibrationOsc
                0x03f882dc                UpiAdcStatus
                0x03f882f4                UpiLoadBatInfoFromIC
                0x03f88424                UpiUpdateBatInfoFromIC
                0x03f884c4                UpiSaveBatInfoTOIC
                0x03f885cc                UpiInitAlarm
                0x03f88628                UpiAlarmStatus
 .text          0x03f8868c      0x158 board/wmt/libwmt.a(wmt_ost.o)
                0x03f8868c                wmt_init_ostimer
                0x03f88710                wmt_read_oscr
                0x03f887a0                wmt_idle_us
 .text          0x03f887e4      0x264 cpu/arm920t/libarm920t.a(interrupts.o)
                0x03f887e4                enable_interrupts
                0x03f887e8                disable_interrupts
                0x03f887f0                bad_mode
                0x03f8880c                show_regs
                0x03f8894c                do_undefined_instruction
                0x03f88970                do_software_interrupt
                0x03f88994                do_prefetch_abort
                0x03f889b8                do_data_abort
                0x03f889dc                do_not_used
                0x03f88a00                do_fiq
                0x03f88a24                do_irq
 .text          0x03f88a48      0x22c cpu/arm920t/wmt/libwmt.a(interrupts.o)
                0x03f88a7c                set_timer
                0x03f88a8c                reset_timer_masked
                0x03f88aac                reset_timer
                0x03f88ab0                interrupt_init
                0x03f88af4                get_timer_masked
                0x03f88b28                get_timer
                0x03f88b3c                udelay
                0x03f88ba4                udelay_masked
                0x03f88bf8                get_ticks
                0x03f88c0c                get_tbclk
                0x03f88c18                reset_cpu
 .text          0x03f88c74      0xb70 lib_arm/libarm.a(board.o)
                0x03f88db0                nand_init
                0x03f88dbc                sbrk
                0x03f88e08                raise
                0x03f88e0c                show_logo
                0x03f89168                hang
                0x03f8917c                start_armboot
 .text          0x03f897e4     0x1244 net/libnet.a(net.o)
                0x03f89898                NetSetHandler
                0x03f898a8                NetSetTimeout
                0x03f898d8                NetStartAgain
                0x03f899c0                NetSendPacket
                0x03f899c4                NetCksum
                0x03f899f8                NetCksumOk
                0x03f89a18                NetEthHdrSize
                0x03f89a54                NetSetEther
                0x03f89af4                ArpRequest
                0x03f89bd4                ArpTimeoutCheck
                0x03f89c48                PingSend
                0x03f89d6c                NetSetIP
                0x03f89e50                NetSendUDPPacket
                0x03f89f88                copy_filename
                0x03f89fcc                ip_to_string
                0x03f8a008                string_to_ip
                0x03f8a070                VLAN_to_string
                0x03f8a0c4                string_to_VLAN
                0x03f8a108                print_IPaddr
                0x03f8a124                NetReceive
                0x03f8a5b0                getenv_IPaddr
                0x03f8a5c0                getenv_VLAN
                0x03f8a5d0                NetLoop
 .text          0x03f8aa28      0x604 net/libnet.a(tftp.o)
                0x03f8ae28                TftpStart
 .text          0x03f8b02c      0x5d0 net/libnet.a(bootp.o)
                0x03f8b3c8                BootpRequest
 .text          0x03f8b5fc      0x178 net/libnet.a(rarp.o)
                0x03f8b63c                RarpRequest
 .text          0x03f8b774      0x99c net/libnet.a(eth.o)
                0x03f8b814                eth_parse_enetaddr
                0x03f8b868                eth_getenv_enetaddr
                0x03f8b888                eth_getenv_enetaddr_by_index
                0x03f8b8d8                eth_get_dev
                0x03f8b8e8                eth_get_dev_by_name
                0x03f8b940                eth_get_dev_by_index
                0x03f8b98c                eth_get_dev_index
                0x03f8b9dc                eth_write_hwaddr
                0x03f8bb14                eth_register
                0x03f8bba8                eth_initialize
                0x03f8be08                eth_set_enetaddr
                0x03f8beb0                eth_halt
                0x03f8bee0                eth_send
                0x03f8bf18                eth_rx
                0x03f8bf44                eth_try_another
                0x03f8bfbc                eth_init
                0x03f8c080                eth_set_current
                0x03f8c0f0                eth_get_name
 .text          0x03f8c110      0xa2c common/libcommon.a(main.o)
                0x03f8c1ec                readline
                0x03f8c3dc                run_command
                0x03f8c80c                main_loop
                0x03f8cabc                do_run
 .text          0x03f8cb3c      0x1b0 common/libcommon.a(cmd_autoscript.o)
                0x03f8cb44                autoscript
                0x03f8ccac                do_autoscript
 .text          0x03f8ccec       0x98 common/libcommon.a(cmd_bdinfo.o)
                0x03f8cd04                do_bdinfo
 .text          0x03f8cd84       0x80 common/libcommon.a(cmd_boot.o)
                0x03f8cd84                do_go
 .text          0x03f8ce04      0x6d4 common/libcommon.a(cmd_bootm.o)
                0x03f8ce0c                do_bootd
                0x03f8ce30                print_image_hdr
                0x03f8cf88                do_bootm
 .text          0x03f8d4d8       0xd0 common/libcommon.a(cmd_console.o)
                0x03f8d4d8                do_coninfo
 .text          0x03f8d5a8      0x220 common/libcommon.a(cmd_mkfsfat.o)
                0x03f8d5a8                do_mkfsfat_12
                0x03f8d650                do_mkfsfat_16
                0x03f8d70c                do_mkfsfat_32
 .text          0x03f8d7c8      0x530 common/libcommon.a(cmd_fat.o)
                0x03f8d7c8                get_dev
                0x03f8d828                do_fat_fsinfo
                0x03f8d900                do_fat_ls
                0x03f8da08                do_fat_fsstore
                0x03f8db78                do_fat_fsload
 .text          0x03f8dcf8      0xc8c common/libcommon.a(cmd_flash.o)
                0x03f8e19c                do_flinfo
                0x03f8e244                do_sfread
                0x03f8e318                flash_sect_erase
                0x03f8e400                do_flerase
                0x03f8e5dc                flash_sect_protect
                0x03f8e6d4                do_protect
 .text          0x03f8e984      0x830 common/libcommon.a(cmd_load.o)
                0x03f8e9d4                send_pad
                0x03f8ea00                ktrans
                0x03f8ea20                chk1
                0x03f8ea48                s1_sendpacket
                0x03f8ea6c                send_ack
                0x03f8eac8                send_nack
                0x03f8eb24                k_data_init
                0x03f8eb44                k_data_save
                0x03f8eb70                k_data_restore
                0x03f8eb9c                k_data_char
                0x03f8ebec                handle_send_packet
                0x03f8edb0                do_load_serial_bin
 .text          0x03f8f1b4      0xc34 common/libcommon.a(cmd_mem.o)
                0x03f8f1b4                do_mem_base
                0x03f8f1f4                do_mem_crc
                0x03f8f330                do_mem_mtest
                0x03f8f454                cmd_get_data_size
                0x03f8f4dc                do_mem_loop
                0x03f8f5d8                do_mem_cp
                0x03f8f7ec                do_mem_cmp
                0x03f8f988                do_mem_mw
                0x03f8fbb0                do_mem_nm
                0x03f8fbd8                do_mem_mm
                0x03f8fc00                do_mem_md
 .text          0x03f8fde8      0x780 common/libcommon.a(cmd_mii.o)
                0x03f8fe30                MII_dump_0_to_5
                0x03f900e4                do_mii
 .text          0x03f90568       0x90 common/libcommon.a(cmd_misc.o)
                0x03f90568                do_sleep
 .text          0x03f905f8      0xd74 common/libcommon.a(cmd_mmc.o)
                0x03f905f8                do_mmc
                0x03f90660                do_mmc_read
                0x03f90744                do_mmc_write
                0x03f9084c                do_mmc_wait_insert
                0x03f908e8                memdump
                0x03f90940                do_mem_read_img
                0x03f90ba4                mmc_register_device
                0x03f90cd4                do_mmc_load_guid_img
                0x03f90ec8                do_mmc_read_img
 .text          0x03f9136c      0x1f8 common/libcommon.a(cmd_dma.o)
                0x03f9136c                do_dma_cp
                0x03f9154c                free_dma_channels
 .text          0x03f91564     0xe528 common/libcommon.a(cmd_nand.o)
                0x03f91564                update_bbt_inram
                0x03f915e4                toshiba_get_parameter
                0x03f915ec                samsung_get_parameter
                0x03f915f4                sandisk_get_parameter
                0x03f915fc                micron_get_parameter
                0x03f91604                isbbtbadblock
                0x03f91760                do_parseimg
                0x03f91990                rdmzier
                0x03f919f0                rdmzier2
                0x03f91b60                rdmzier_oob
                0x03f91be4                get_current_nand_chip
                0x03f91c0c                NAND_ENABLE_CE
                0x03f91c34                get_nand_valid_partial_write_size
                0x03f91cbc                get_nand_data_tol_size
                0x03f91d0c                get_nand_blk_KB_size
                0x03f91d54                enable_hw_rdmz
                0x03f91d80                WRITE_NAND_COMMAND
                0x03f91d98                parse_fbparts
                0x03f91f18                print_nfc_register
                0x03f91f80                print_nand_buf
                0x03f92038                nfc_ecc_set
                0x03f920a8                shift_bit
                0x03f920d0                NFC_WAIT_READY
                0x03f92100                NAND_WAIT_FLASH_READY
                0x03f9213c                NAND_WAIT_READY
                0x03f92184                NFC_WAIT_CMD_READY
                0x03f921b4                NAND_WAIT_IDLE
                0x03f921f0                check_block
                0x03f922e4                NanD_Address
                0x03f92490                nand_init_pdma
                0x03f924c4                nand_free_pdma
                0x03f924e0                nand_alloc_desc_pool
                0x03f92500                nand_init_short_desc
                0x03f92544                nand_init_long_desc
                0x03f925a0                nand_config_pdma
                0x03f925d8                nfc_dma_cfg
                0x03f92794                nand_pdma_handler
                0x03f92874                hynix_read_retry_get_para
                0x03f92a60                get_read_retry_para
                0x03f92aa0                hynix_read_retry_set_para
                0x03f92cac                set_read_retry_para
                0x03f92d3c                NFC_CHECK_ECC
                0x03f92da0                check_all_FF_sw
                0x03f92e18                check_all_FF
                0x03f92f30                nand_read_status
                0x03f93034                nand_read_page
                0x03f931b8                wmt_nand_erase
                0x03f93274                wmt_nand_erase_multi
                0x03f93354                reverse32
                0x03f93380                gen_gf2
                0x03f934a0                calc_1b_bch
                0x03f93520                bch_encoder
                0x03f93718                nand_page_program_60bit
                0x03f9383c                nand_page_program_multi_60bit
                0x03f93a70                getbbtbadblock_detail
                0x03f93ad0                update_bbt_inram_set_r_badblk
                0x03f93b88                update_bbt_inram_set_w_e_badblk
                0x03f93c40                update_bbt_inram_set_goodblk
                0x03f93cc0                parsing_wmt_bbcheck
                0x03f93db4                calculate_ECC_info
                0x03f94054                nfc_BCH_ecc_correct
                0x03f94140                nfc_BCH_ecc_check
                0x03f943a4                nfc_BCH_ecc_check_sw
                0x03f944bc                wmt_nand_reset
                0x03f94518                set_ECC_mode
                0x03f945d8                nand_readID
                0x03f946ac                nand_set_feature
                0x03f94754                set_ecc_info
                0x03f947e4                wmt_calc_clock
                0x03f949b8                wmt_get_timing
                0x03f94abc                get_nand_info_from_env
                0x03f94f40                get_parameter
                0x03f9509c                set_parameter
                0x03f95204                dummy_read
                0x03f95314                nand_reset_no_read_status
                0x03f95378                write_bytes_param
                0x03f958a8                toshiba_send_data
                0x03f959b8                toshiba_set_parameter
                0x03f95a2c                toshiba_pre_condition
                0x03f95a7c                nfc_BCH_read_page2
                0x03f95f9c                nfc_BCH_read_page
                0x03f965dc                nfc_BCH_read_page_60bit
                0x03f96fe0                nand_read_block_multi
                0x03f9706c                eslc_nand_read_block
                0x03f9715c                nand_read_block
                0x03f9720c                read_retry_param_from_nand
                0x03f973fc                get_pattern_small
                0x03f97490                get_pattern_large
                0x03f97544                WMT_check_pattern
                0x03f975d8                get_base_addr_for_eslc
                0x03f97914                reset_nfc
                0x03f979c8                hw_encode_oob
                0x03f97a74                nand_page_program_multi
                0x03f97c6c                nand_write_block_multi
                0x03f97d80                nand_page_program
                0x03f97ec8                nand_write_block
                0x03f98098                write_retry_param_to_nand
                0x03f981e8                write_read_blk
                0x03f9841c                update_bbt_inflash
                0x03f988cc                eslc_nand_write_block
                0x03f98abc                disable_hw_rdmz
                0x03f98ae4                find_bbt
                0x03f98d3c                sandisk_set_parameter
                0x03f98e60                sandisk_init_retry_register
                0x03f98f40                micron_set_parameter
                0x03f98fdc                samsung_set_parameter
                0x03f99098                hynix_get_otp
                0x03f9936c                hynix_set_parameter
                0x03f9949c                hynix_get_parameter
                0x03f996cc                nand_get_feature
                0x03f9981c                creat_bbt
                0x03f99aec                nand_probe
                0x03f9a988                check_block_table
                0x03f9aa94                nand_erase
                0x03f9abe8                eslc_load_image_tpi_multi
                0x03f9aee0                eslc_load_image_tpi
                0x03f9b148                WMTLoadImageFormNAND
                0x03f9b5b4                nand_boot
                0x03f9b8a4                eslc_load_image
                0x03f9bca8                eslc_save_image_tpi_multi
                0x03f9c138                eslc_save_image
                0x03f9c714                eslc_save_image_tpi
                0x03f9cb18                WMTSaveImageToNAND2
                0x03f9d238                WMTSaveImageToNAND
                0x03f9d270                WMTEraseNAND
                0x03f9d5e8                tellme_whereistable
                0x03f9d6b4                tellme_badblock
                0x03f9d7e0                nand_rw
                0x03f9e028                WMTAccessNandEarier
                0x03f9e0d0                WMTEraseNANDALL
                0x03f9e218                tellme_nandinfo
                0x03f9e3d0                do_nand
                0x03f9f7ec                read_ubi_nand
                0x03f9f828                write_ubi_nand
                0x03f9f864                erase_ubi_nand
                0x03f9f87c                erase_yaffs2_nand
                0x03f9f8a0                write_yaffs2_nand
                0x03f9f8e4                write_oob_yaffs2_nand
                0x03f9f930                read_yaffs2_nand
                0x03f9f974                read_oob_yaffs2_nand
                0x03f9f9b8                nand_block_isbad
                0x03f9f9cc                nand_block_markbad
                0x03f9f9f8                read_first_logo_page
                0x03f9fa40                read_logo_file
                0x03f9fa7c                wmt_nand_read
                0x03f9fa84                wmt_nand_write
 .text          0x03f9fa8c      0x35c common/libcommon.a(cmd_net.o)
                0x03f9fa8c                do_ping
                0x03f9fdc4                do_rarpb
                0x03f9fdd0                do_tftpb
                0x03f9fddc                do_bootp
 .text          0x03f9fde8      0x930 common/libcommon.a(cmd_nvedit.o)
                0x03f9fe5c                do_saveenv
                0x03f9ffb0                do_printenv
                0x03fa0030                _do_env_set
                0x03fa04b0                do_setenv
                0x03fa04d0                setenv
                0x03fa0520                getenv_f
                0x03fa05f0                getenv
                0x03fa065c                getenv_r
 .text          0x03fa0718     0x1080 common/libcommon.a(cmd_usb.o)
                0x03fa0720                do_usbboot
                0x03fa0adc                usb_get_class_desc
                0x03fa0b88                usb_display_class_sub
                0x03fa0cfc                usb_display_string
                0x03fa0d30                usb_display_desc
                0x03fa0e58                usb_display_conf_desc
                0x03fa0f04                usb_display_if_desc
                0x03fa0f8c                usb_display_ep_desc
                0x03fa1040                usb_display_config
                0x03fa10d0                usb_show_tree_graph
                0x03fa12dc                usb_show_tree
                0x03fa130c                do_usb
 .text          0x03fa1798      0x41c common/libcommon.a(cmd_rsa.o)
                0x03fa1798                image_rsa_check
                0x03fa1b0c                do_rsa
 .text          0x03fa1bb4      0xcf8 common/libcommon.a(command.o)
                0x03fa1bb4                do_echo
                0x03fa1c34                do_version
                0x03fa1c54                var_complete
                0x03fa1cdc                do_exit
                0x03fa1d0c                do_test
                0x03fa2174                find_cmd
                0x03fa2208                do_help
                0x03fa23e4                cmd_usage
                0x03fa2408                install_auto_complete
                0x03fa2434                cmd_auto_complete
 .text          0x03fa28ac      0x57c common/libcommon.a(console.o)
                0x03fa2950                serial_printf
                0x03fa2994                fgetc
                0x03fa29c0                ftstc
                0x03fa29ec                fputc
                0x03fa2a14                fputs
                0x03fa2a3c                fprintf
                0x03fa2a84                getc
                0x03fa2a9c                tstc
                0x03fa2ab4                putc
                0x03fa2ad0                puts
                0x03fa2aec                printf
                0x03fa2b30                vprintf
                0x03fa2b64                ctrlc
                0x03fa2bb0                disable_ctrlc
                0x03fa2bc8                had_ctrlc
                0x03fa2bd8                clear_ctrlc
                0x03fa2bec                dbg
                0x03fa2bf8                console_assign
                0x03fa2c88                console_init_f
                0x03fa2c98                console_init_r
 .text          0x03fa2e28      0x120 common/libcommon.a(devices.o)
                0x03fa2e28                device_register
                0x03fa2e4c                devices_init
                0x03fa2f2c                devices_done
 .text          0x03fa2f48      0xfc4 common/libcommon.a(dlmalloc.o)
                0x03fa2f48                malloc_bin_reloc
                0x03fa2f84                malloc_trim
                0x03fa3054                free
                0x03fa327c                cfree
                0x03fa3280                malloc
                0x03fa37f8                calloc
                0x03fa38d4                memalign
                0x03fa39e4                pvalloc
                0x03fa39fc                valloc
                0x03fa3a08                realloc
                0x03fa3e58                malloc_usable_size
                0x03fa3e98                mallopt
 .text          0x03fa3f0c      0x384 common/libcommon.a(env_common.o)
                0x03fa3f0c                env_get_char_memory
                0x03fa3f50                env_crc_update
                0x03fa3f78                env_get_addr
                0x03fa3f9c                set_default_env
                0x03fa403c                env_import
                0x03fa4108                env_relocate
                0x03fa41bc                env_complete
 .text          0x03fa4290       0x58 common/libcommon.a(env_flash.o)
                0x03fa4290                env_get_char_spec
                0x03fa429c                env_init
                0x03fa42dc                saveenv
                0x03fa42e4                env_relocate_spec
 .text          0x03fa42e8       0x94 common/libcommon.a(exports.o)
                0x03fa42ec                get_version
                0x03fa42f4                jumptable_init
 .text          0x03fa437c      0xa38 common/libcommon.a(env_otp.o)
                0x03fa4720                encdec
                0x03fa47d8                genkey
                0x03fa48c4                otp_sec_encode
                0x03fa49c8                otp_sec_decode
                0x03fa4aa8                save_env
                0x03fa4b8c                esync
                0x03fa4d74                do_esync
 .text          0x03fa4db4      0x180 common/libcommon.a(wmt-ost.o)
                0x03fa4db4                wmt_write_ostc
                0x03fa4df8                wmt_init_ost
                0x03fa4e58                wmt_read_ostc
                0x03fa4ef0                wmt_delayus
 .text          0x03fa4f34      0x46c common/libcommon.a(lcd-mipi-ssd2828.o)
                0x03fa5374                lcd_ssd2828_init
 .text          0x03fa53a0      0x850 common/libcommon.a(wmt_cmd_display.o)
                0x03fa5598                display_init
                0x03fa56f0                display_clear
                0x03fa5758                display_show
                0x03fa5b48                display_animation
 .text          0x03fa5bf0     0x2428 common/libcommon.a(minivgui.o)
                0x03fa625c                mv_getSurface
                0x03fa626c                mv_clearFB
                0x03fa62ac                mv_initSurface
                0x03fa6394                check_display_direction
                0x03fa63d8                check_tf_boot
                0x03fa6418                mv_dumpSurface
                0x03fa6474                mv_drawLine
                0x03fa6520                mv_drawRect
                0x03fa65a0                mv_fillRect
                0x03fa6604                mv_le_to_cpu
                0x03fa6624                init_charge_percent
                0x03fa667c                clear_charge_percent
                0x03fa678c                mv_textOut
                0x03fa6a04                show_charge_picture
                0x03fa6c70                show_text_to_screen_no_backlight
                0x03fa6ca4                show_text_to_screen
                0x03fa6e44                show_2lines_text_to_screen_no_backlight
                0x03fa6e80                show_2lines_text_to_screen
                0x03fa6f04                display_charge_percent
                0x03fa705c                mem_cpy_alignment
                0x03fa7498                mv_loadBmp
 .text          0x03fa8018      0x42c common/libcommon.a(uboot-vpp.o)
                0x03fa8018                vpp_mod_init
                0x03fa8034                vpp_device_init
                0x03fa807c                wmt_graphic_init
 .text          0x03fa8444      0x120 common/libcommon.a(cmd_mbit.o)
                0x03fa8444                excute_reg_op
 .text          0x03fa8564      0x29c common/libcommon.a(cmd_textout.o)
                0x03fa85e8                do_textout
 .text          0x03fa8800      0x4ac common/libcommon.a(env_parse.o)
                0x03fa8800                parse_gpio_operation
                0x03fa88cc                parse_gpio_param
                0x03fa8974                parse_backlight_params
                0x03fa8a40                parse_pwm_params
 .text          0x03fa8cac     0x194c common/libcommon.a(charge_animation.o)
                0x03fa93cc                low_power_detect
                0x03fa95fc                check_udc_to_pc
                0x03fa9794                check_mptool
                0x03fa9904                set_charge_current
                0x03fa99a4                play_charge_animation
 .text          0x03faa5f8      0x39c common/libcommon.a(flash.o)
                0x03faa5f8                flash_protect
                0x03faa6e8                addr2info
                0x03faa758                flash_write
                0x03faa8b4                flash_perror
 .text          0x03faa994     0x1bb8 common/libcommon.a(hush.o)
                0x03fab200                simple_itoa
                0x03fab25c                new_pipe
                0x03fab308                reserved_word
                0x03fab5a8                mapset
                0x03fab5cc                update_ifs_map
                0x03fab63c                parse_string_outer
                0x03fac490                parse_file_outer
                0x03fac4d4                u_boot_hush_start
 .text          0x03fac54c      0x3d0 common/libcommon.a(lists.o)
                0x03fac54c                NewHandle
                0x03fac5a8                DisposeHandle
                0x03fac5c8                GetHandleSize
                0x03fac5d0                SetHandleSize
                0x03fac64c                ListCreate
                0x03fac6ac                ListSetAllocationPolicy
                0x03fac6c0                ListDispose
                0x03fac6c4                ListInsertItems
                0x03fac888                ListInsertItem
                0x03fac890                ListGetItems
                0x03fac8cc                ListGetPtrToItem
                0x03fac8f8                ListGetDataPtr
                0x03fac904                ListGetItemSize
                0x03fac910                ListNumItems
 .text          0x03fac91c      0x510 common/libcommon.a(miiphyutil.o)
                0x03fac91c                miiphy_init
                0x03fac938                miiphy_register
                0x03faca14                miiphy_set_current_dev
                0x03faca70                miiphy_get_current_dev
                0x03faca88                miiphy_read
                0x03facb14                miiphy_write
                0x03facba0                miiphy_listdev
                0x03facc08                miiphy_info
                0x03facc8c                miiphy_reset
                0x03facd2c                miiphy_speed
                0x03facdac                miiphy_duplex
 .text          0x03face2c     0x178c common/libcommon.a(usb.o)
                0x03face74                wait_ms
                0x03face94                usb_disable_asynch
                0x03faceb4                usb_submit_int_msg
                0x03faceb8                usb_control_msg
                0x03facfb4                usb_bulk_msg
                0x03fad024                usb_maxpacket
                0x03fad044                usb_set_maxpacket
                0x03fad080                usb_parse_config
                0x03fad1d0                usb_clear_halt
                0x03fad26c                usb_get_descriptor
                0x03fad2c8                usb_get_configuration_no
                0x03fad35c                usb_set_address
                0x03fad39c                usb_set_interface
                0x03fad450                usb_set_configuration
                0x03fad4c8                usb_set_protocol
                0x03fad518                usb_set_idle
                0x03fad570                usb_get_report
                0x03fad5d4                usb_get_class_descriptor
                0x03fad638                usb_get_string
                0x03fad7b4                usb_string
                0x03fad8b8                usb_get_dev_index
                0x03fad8e4                usb_alloc_new_device
                0x03fada14                usb_get_hub_descriptor
                0x03fada68                usb_clear_hub_feature
                0x03fadab4                usb_clear_port_feature
                0x03fadb04                usb_set_port_feature
                0x03fadb98                usb_get_hub_status
                0x03fadbe4                usb_get_port_status
                0x03fadc34                usb_hub_reset
                0x03fadc48                usb_stop
                0x03fadc84                usb_hub_allocate
                0x03fadcc8                hub_port_reset
                0x03fadd68                usb_hub_probe
                0x03faddc0                usb_new_device
                0x03fae0ec                usb_hub_port_connect_change
                0x03fae228                usb_hub_configure
                0x03fae434                usb_scan_devices
                0x03fae4e4                usb_init
                0x03fae584                portspeed
 .text          0x03fae5b8     0x1350 common/libcommon.a(usb_storage.o)
                0x03fae898                usb_stor_get_dev
                0x03fae8ac                usb_show_progress
                0x03fae8b8                usb_stor_read
                0x03faeaa0                usb_stor_info
                0x03faeb08                usb_stor_BBB_comdat
                0x03faebe0                usb_stor_CB_comdat
                0x03faee2c                usb_stor_CBI_get_status
                0x03faeefc                usb_stor_CB_transport
                0x03faf0fc                usb_stor_BBB_clear_endpt_stall
                0x03faf148                usb_stor_BBB_transport
                0x03faf300                usb_storage_probe
                0x03faf4dc                usb_stor_get_info
                0x03faf714                usb_stor_scan
 .text          0x03faf908     0x3ce8 common/libcommon.a(cmd_fastboot.o)
                0x03faffdc                fastboot_flash_reset_ptn
                0x03fafff0                fastboot_flash_add_ptn
                0x03fb0330                fastboot_flash_dump_ptn
                0x03fb039c                fastboot_flash_find_ptn
                0x03fb0414                fastboot_flash_find_nand_ptn
                0x03fb0598                init_nand_partitions
                0x03fb088c                fastboot_flash_get_ptn
                0x03fb08b4                fastboot_flash_get_ptn_count
                0x03fb08c4                parse_flash_cmd
                0x03fb0c8c                handle_flash_nand
                0x03fb1328                handle_flash_ext4
                0x03fb15f0                handle_flash_rom
                0x03fb1984                handle_flash_fat
                0x03fb1be4                handle_flash_nofs
                0x03fb1d80                fbt_handle_flash
                0x03fb300c                udc_fastboot_transfer
                0x03fb3034                udc_fastboot_exit
                0x03fb30b8                udc_fastboot_is_init
                0x03fb30c8                wmt_mptool_ready
                0x03fb30d8                parse_fb_param
                0x03fb3340                do_fastboot
                0x03fb342c                fastboot_loop
                0x03fb3554                udc_fastboot_init
 .text          0x03fb35f0      0x544 common/libcommon.a(sparse.o)
                0x03fb35f0                _unsparse
                0x03fb3ae0                do_unsparse
 .text          0x03fb3b34      0x7b8 common/libcommon.a(mmc_ext4.o)
                0x03fb3b34                add_ptn
                0x03fb3c2c                import_efi_partition
                0x03fb3d40                load_ptbl
                0x03fb3e1c                fastboot_oem
                0x03fb40a0                mmc_part_init
                0x03fb41a4                mmc_part_update
                0x03fb42a4                board_late_init
 .text          0x03fb42ec       0x28 common/libcommon.a(wmt_cmd_check_fastboot.o)
 .text          0x03fb4314       0x28 common/libcommon.a(wmt_cmd_recovery_mode.o)
 .text          0x03fb433c       0xf0 common/libcommon.a(wmt_cmd_ac_ok.o)
 .text          0x03fb442c      0x250 common/libcommon.a(wmt_cmd_wmtfs.o)
                0x03fb442c                wmt_fs_write
                0x03fb454c                wmt_fs_read
 .text          0x03fb467c      0x2ac common/libcommon.a(wmt_cmd_addfwcenv.o)
                0x03fb467c                fwc_getenv
                0x03fb46e8                getfwc
                0x03fb4854                do_addfwcenv
 .text          0x03fb4928      0x63c common/libcommon.a(hw_recovery.o)
                0x03fb4928                mmc_register_device_recovery
                0x03fb4cb0                hw_recovery
 .text          0x03fb4f64      0x448 common/libcommon.a(enter_fastboot_mode.o)
                0x03fb5028                run_fastboot
                0x03fb506c                enter_fastboot_by_press_key
                0x03fb52c8                enter_fastboot_by_special_file
 .text          0x03fb53ac      0x668 common/libcommon.a(wmt_cmd_syncenv.o)
                0x03fb5600                do_syncenv
 .text          0x03fb5a14     0x1210 common/libcommon.a(aes.o)
                0x03fb5cd8                aes_setkey_enc
                0x03fb5fd0                aes_setkey_dec
                0x03fb6144                aes_crypt_ecb
                0x03fb6b24                aes_crypt_cbc
 .text          0x03fb6c24      0x26c common/libcommon.a(cmd_aes.o)
                0x03fb6c24                do_aescbc
 .text          0x03fb6e90     0x1478 common/libcommon.a(wmt_efuse.o)
                0x03fb6f80                print_write_read_bytes
                0x03fb7070                print_write_read_integers
                0x03fb7168                efuse_read_bytes
                0x03fb736c                efuse_write_bytes
                0x03fb7660                efuse_hamming_write_int
                0x03fb78c8                efuse_hamming_read_int
                0x03fb7afc                bytes_3aligned
                0x03fb7b38                efuse_register_dump
                0x03fb7d6c                wmt_efuse_init
                0x03fb7eb4                efuse_read_otp
                0x03fb808c                efuse_write_otp
 .text          0x03fb8308      0x50c common/libcommon.a(wmt_cmd_efuse.o)
 .text          0x03fb8814     0x1648 common/libcommon.a(wmt_dual_boot.o)
                0x03fb97e0                show_dualboot_logo
                0x03fb9884                choose_dualboot_system
 .text          0x03fb9e5c      0x540 common/libcommon.a(display_aligment.o)
                0x03fb9e5c                byte1_alig_mem_copy
                0x03fb9efc                byte1_less_bundle_copy
                0x03fb9f2c                byte2_alig_mem_copy
                0x03fb9fcc                byte2_less_bundle_copy
                0x03fb9ffc                byte3_alig_mem_copy
                0x03fba09c                byte3_less_bundle_copy
                0x03fba0cc                mem_copy
                0x03fba0e8                less_mem_copy
                0x03fba104                bit24_to_bit16_ali24
                0x03fba30c                bit24_to_bit16_ali32
 .text          0x03fba39c      0xb48 common/libcommon.a(rsa_verify.o)
                0x03fba39c                base64_encode
                0x03fba510                base64_decode
                0x03fba6a0                pem_read_buffer
                0x03fba750                asn1_get_len
                0x03fba878                asn1_get_tag
                0x03fba8b4                asn1_get_mpi
                0x03fba8f8                pem_free
                0x03fba934                rsa_init
                0x03fba95c                rsa_public
                0x03fbaa18                rsa_free
                0x03fbaa7c                x509parse_public_key
                0x03fbad8c                rsa_check
 .text          0x03fbaee4     0x2660 common/libcommon.a(bignum.o)
                0x03fbb368                mpi_init
                0x03fbb384                mpi_free
                0x03fbb3cc                mpi_grow
                0x03fbb460                mpi_copy
                0x03fbb4f8                mpi_swap
                0x03fbb540                mpi_lset
                0x03fbb598                mpi_get_bit
                0x03fbb5c0                mpi_set_bit
                0x03fbb630                mpi_lsb
                0x03fbb684                mpi_msb
                0x03fbb6ec                mpi_size
                0x03fbb700                mpi_read_binary
                0x03fbb7a0                mpi_write_binary
                0x03fbb818                mpi_shift_l
                0x03fbb90c                mpi_shift_r
                0x03fbb9d0                mpi_cmp_abs
                0x03fbbc10                mpi_cmp_mpi
                0x03fbbd18                mpi_cmp_int
                0x03fbbd58                mpi_add_abs
                0x03fbbea0                mpi_sub_abs
                0x03fbbf6c                mpi_add_mpi
                0x03fbbff0                mpi_sub_mpi
                0x03fbc078                mpi_add_int
                0x03fbc0b8                mpi_sub_int
                0x03fbc0f8                mpi_mul_mpi
                0x03fbc244                mpi_mul_int
                0x03fbc270                mpi_read_string
                0x03fbc41c                mpi_div_mpi
                0x03fbc9e8                mpi_div_int
                0x03fbca28                mpi_mod_mpi
                0x03fbcadc                mpi_mod_int
                0x03fbcc50                mpi_write_string
                0x03fbcdc8                mpi_exp_mod
                0x03fbd354                mpi_gcd
                0x03fbd4f0                mpi_fill_random
 .text          0x03fbd544      0x51c common/libcommon.a(pwm.o)
                0x03fbd544                lcd_blt_set_level
                0x03fbd548                lcd_blt_set_freq
                0x03fbd54c                pwm_set_control
                0x03fbd58c                pwm_set_scalar
                0x03fbd5c8                pwm_set_period
                0x03fbd604                pwm_set_duty
                0x03fbd6ec                pwm_get_period
                0x03fbd704                pwm_get_duty
                0x03fbd71c                pwm_get_enable
                0x03fbd734                set_lcd_power
                0x03fbd7c0                pwm_set_gpio
                0x03fbd870                pwm_set_enable
                0x03fbd8cc                lcd_blt_enable
                0x03fbd984                lcd_blt_set_pwm
 .text          0x03fbda60     0x25ec common/libcommon.a(scl.o)
                0x03fbda60                scl_set_enable
                0x03fbda7c                scl_get_int_status
                0x03fbdad0                scl_clean_int_status
                0x03fbdb68                sclr_set_colorbar
                0x03fbdb9c                sclr_get_fb_addr
                0x03fbdbc0                sclw_set_mif_enable
                0x03fbdbdc                sclw_set_fb_addr
                0x03fbdbf4                sclw_get_fb_addr
                0x03fbdc18                scl_proc_scale_finish
                0x03fbdc34                scl_set_reg_update
                0x03fbdc50                scl_set_reg_level
                0x03fbdc6c                scl_set_int_enable
                0x03fbdd18                scl_set_scale_enable
                0x03fbdd40                scl_set_V_scale
                0x03fbdddc                scl_set_H_scale
                0x03fbde88                scl_set_crop
                0x03fbdecc                scl_set_tg_enable
                0x03fbdee8                scl_set_clock
                0x03fbdf04                scl_set_timing
                0x03fbdfc4                scl_get_timing
                0x03fbe048                scl_set_watchdog
                0x03fbe074                scl_set_timing_master
                0x03fbe09c                scl_get_timing_master
                0x03fbe0bc                scl_set_drop_line
                0x03fbe0d0                scl_set_filter_mode
                0x03fbe17c                scl_get_filter_mode
                0x03fbe1dc                sclr_set_mif_enable
                0x03fbe1f8                sclr_set_mif2_enable
                0x03fbe1fc                sclr_set_field_mode
                0x03fbe218                sclr_set_display_format
                0x03fbe258                sclr_set_color_format
                0x03fbe314                sclr_get_color_format
                0x03fbe364                sclr_set_fb_addr
                0x03fbe39c                sclr_set_media_format
                0x03fbe3c4                sclr_set_width
                0x03fbe3ec                sclr_get_width
                0x03fbe41c                sclr_set_crop
                0x03fbe444                sclr_set_framebuffer
                0x03fbe484                sclr_get_fb_info
                0x03fbe4dc                sclr_set_threshold
                0x03fbe4f8                sclw_set_color_format
                0x03fbe62c                sclw_get_color_format
                0x03fbe68c                scl_set_csc_mode
                0x03fbe7e0                scl_init
                0x03fbe8e8                sclw_set_alpha
                0x03fbe910                sclw_set_field_mode
                0x03fbe92c                sclw_set_fb_width
                0x03fbe9bc                sclw_init
                0x03fbe9d8                sclw_set_framebuffer
                0x03fbea6c                sclw_get_fb_width
                0x03fbea9c                scl_R2_set_mif_enable
                0x03fbeab8                scl_R2_set_colorbar
                0x03fbeaec                scl_R2_set_color_format
                0x03fbeb84                scl_R2_get_color_format
                0x03fbebd4                scl_reg_dump
                0x03fbf320                scl_R2_set_csc_mode
                0x03fbf3bc                scl_R2_set_framebuffer
                0x03fbf458                scl_ALPHA_set_enable
                0x03fbf474                scl_ALPHA_set_swap
                0x03fbf490                scl_ALPHA_set_src
                0x03fbf4bc                scl_ALPHA_set_dst
                0x03fbf4e8                scl_ALPHA_set_color_key
                0x03fbf524                scl_set_overlap
                0x03fbf584                scl_set_req_num
                0x03fbf5b4                scl_set_scale
                0x03fbf74c                scl_set_scale_timing
                0x03fbf7e0                scl_proc_scale_complete
                0x03fbf864                scl_scale_timeout
                0x03fbf888                scl_set_scale_timer
                0x03fbf88c                scl_check_framebuf
                0x03fbfadc                scl_set_scale_overlap
                0x03fbfd0c                scl_proc_scale
                0x03fbfe28                scl_mod_init
 .text          0x03fc004c     0x1a0c common/libcommon.a(govrh.o)
                0x03fc004c                govrh_mod_suspend
                0x03fc0050                govrh_mod_resume
                0x03fc0054                govrh2_mod_suspend
                0x03fc0058                govrh2_mod_resume
                0x03fc005c                govrh_set_tg_enable
                0x03fc0070                govrh_set_clock
                0x03fc00c0                govrh_set_tg1
                0x03fc0144                govrh_get_tg_mode
                0x03fc0154                govrh_set_tg2
                0x03fc01d0                govrh_get_tg
                0x03fc0278                govrh2_mod_get_tg
                0x03fc028c                govrh_mod_get_tg
                0x03fc02a0                govrh_get_hscale_up
                0x03fc02b0                govrh_set_direct_path
                0x03fc02bc                govrh_get_int_status
                0x03fc02d0                govrh2_mod_get_sts
                0x03fc02e0                govrh_mod_get_sts
                0x03fc02f0                govrh_clean_int_status
                0x03fc030c                govrh2_mod_clr_sts
                0x03fc0320                govrh_mod_clr_sts
                0x03fc0334                govrh_set_int_enable
                0x03fc0360                govrh_get_dvo_enable
                0x03fc0370                govrh_set_dvo_enable
                0x03fc03f4                govrh_set_dvo_sync_polar
                0x03fc0414                govrh_get_dvo_color_format
                0x03fc0440                govrh_set_dvo_color_format
                0x03fc0494                govrh_set_dvo_clock_delay
                0x03fc04b4                govrh_set_dvo_outdatw
                0x03fc04ec                govrh_set_colorbar
                0x03fc0518                govrh2_mod_set_colorbar
                0x03fc0544                govrh_mod_set_colorbar
                0x03fc0570                govrh_set_contrast
                0x03fc057c                govrh_get_contrast
                0x03fc0588                govrh_set_brightness
                0x03fc0594                govrh_get_brightness
                0x03fc05a0                govrh_set_saturation
                0x03fc05b8                govrh_get_saturation
                0x03fc05c4                govrh_set_MIF_enable
                0x03fc05d8                govrh2_mod_set_enable
                0x03fc05ec                govrh_mod_set_enable
                0x03fc0600                govrh_get_MIF_enable
                0x03fc0610                govrh_set_frame_mode
                0x03fc06e8                govrh_set_color_format
                0x03fc07c0                govrh2_mod_set_color_fmt
                0x03fc07d4                govrh_mod_set_color_fmt
                0x03fc07e8                govrh_get_color_format
                0x03fc083c                govrh2_mod_get_color_fmt
                0x03fc084c                govrh_mod_get_color_fmt
                0x03fc085c                govrh_reg_dump
                0x03fc0c60                govrh2_mod_dump_reg
                0x03fc0c70                govrh_mod_dump_reg
                0x03fc0c80                govrh_set_source_format
                0x03fc0c98                govrh_set_output_format
                0x03fc0cb0                govrh_set_fb_addr
                0x03fc0cc0                govrh2_mod_set_addr
                0x03fc0cdc                govrh_mod_set_addr
                0x03fc0cf8                govrh_get_fb_addr
                0x03fc0d10                govrh2_mod_get_addr
                0x03fc0d2c                govrh_mod_get_addr
                0x03fc0d48                govrh_set_fb2_addr
                0x03fc0d58                govrh_get_fb2_addr
                0x03fc0d70                govrh_set_fb_width
                0x03fc0d7c                govrh_set_fb_info
                0x03fc0db8                govrh_get_fb_info
                0x03fc0de4                govrh_set_fifo_index
                0x03fc0df0                govrh_set_reg_level
                0x03fc0e0c                govrh_set_reg_update
                0x03fc0e20                govrh_set_tg
                0x03fc0e6c                govrh2_mod_set_tg
                0x03fc0e88                govrh_mod_set_tg
                0x03fc0ea4                govrh_set_csc_mode
                0x03fc1088                govrh2_mod_set_csc
                0x03fc109c                govrh_mod_set_csc
                0x03fc10b0                govrh_set_media_format
                0x03fc10c4                govrh_HDMI_set_blank_value
                0x03fc10dc                govrh_HDMI_set_3D_mode
                0x03fc10f0                govrh_is_top_field
                0x03fc1104                govrh_IGS_set_mode
                0x03fc114c                govrh_IGS_set_RGB_swap
                0x03fc1160                govrh_vmode_to_timing
                0x03fc121c                govrh_set_videomode
                0x03fc13d0                govrh_get_videomode
                0x03fc15a4                govrh_set_framebuffer
                0x03fc1610                govrh2_mod_set_framebuf
                0x03fc1624                govrh_mod_set_framebuf
                0x03fc1638                govrh_init
                0x03fc16d4                govrh_get_framebuffer
                0x03fc1794                govrh_suspend
                0x03fc1798                govrh_resume
                0x03fc179c                govrh_mod_init
 .text          0x03fc1a58     0x110c common/libcommon.a(vout.o)
                0x03fc1a58                vout_register
                0x03fc1a94                vout_get_entry
                0x03fc1aac                vout_get_info_entry
                0x03fc1b14                vout_change_status
                0x03fc1b48                vout_query_inf_support
                0x03fc1b88                vout_inf_register
                0x03fc1bf8                vout_inf_get_entry
                0x03fc1c38                vout_device_register
                0x03fc1c78                vout_get_device
                0x03fc1c90                vout_get_entry_adapter
                0x03fc1cac                vout_get_inf_entry_adapter
                0x03fc1cf8                vout_get_mode_adapter
                0x03fc1d58                vout_info_add_entry
                0x03fc1e08                vout_info_get_entry
                0x03fc1e24                vout_info_set_fixed_timing
                0x03fc1e68                vout_info_get_govr
                0x03fc1ed4                vout_check_ratio_16_9
                0x03fc1f00                vout_find_edid_support_mode
                0x03fc2048                vout_set_framebuffer
                0x03fc20ac                vout_set_blank
                0x03fc2134                vout_set_mode
                0x03fc2204                vout_config
                0x03fc2308                vout_chkplug
                0x03fc2388                vout_inf_chkplug
                0x03fc23e0                vout_get_edid
                0x03fc248c                vout_get_video_mode
                0x03fc2730                vout_find_match_mode
                0x03fc28cc                vout_get_edid_option
                0x03fc2928                vout_get_width_height
                0x03fc29f8                vout_get_mask
                0x03fc2a50                vout_check_plugin
                0x03fc2ae0                vout_get_tvformat
 .text          0x03fc2b64      0x60c common/libcommon.a(lcd.o)
                0x03fc2b64                lcd_check_plugin
                0x03fc2b7c                lcd_get_edid
                0x03fc2b84                lcd_config
                0x03fc2bb0                lcd_set_type
                0x03fc2bc0                lcd_get_type
                0x03fc2bd0                lcd_power_on
                0x03fc2c20                lcd_set_lvds_id
                0x03fc2c30                lcd_get_lvds_id
                0x03fc2c40                lcd_set_parm
                0x03fc2c54                lcd_get_parm
                0x03fc2c84                lcd_init
                0x03fc2d18                lcd_set_mode
                0x03fc2f28                lcd_get_dev
                0x03fc2f44                lcd_set_mutex
                0x03fc2f48                lcd_enable_signal
                0x03fc2fa0                lcd_set_enable
                0x03fc2ff0                lcd_set_power_down
                0x03fc302c                lcd_panel_register
                0x03fc3058                lcd_backlight_power_on
                0x03fc30a0                lcd_module_init
 .text          0x03fc3170      0x2c8 common/libcommon.a(lvds.o)
                0x03fc3170                lvds_set_power_down
                0x03fc31ac                lvds_set_enable
                0x03fc324c                lvds_get_enable
                0x03fc3264                lvds_set_rgb_type
                0x03fc32ac                lvds_get_colfmt
                0x03fc32b4                lvds_set_sync_polar
                0x03fc32d4                lvds_get_sync_polar
                0x03fc3310                lvds_reg_dump
                0x03fc33c4                lvds_init
 .text          0x03fc3438      0xd08 common/libcommon.a(vpp.o)
                0x03fc3438                vpp_get_chipid
                0x03fc3444                vpp_cache_sync
                0x03fc3448                vpp_set_clock_enable
                0x03fc349c                vpp_mod_unregister
                0x03fc34dc                vpp_mod_register
                0x03fc3588                vpp_mod_get_base
                0x03fc35a0                vpp_mod_get_fb_base
                0x03fc35b4                vpp_mod_get_framebuf
                0x03fc35c8                vpp_mod_set_clock
                0x03fc3640                vpp_get_fb_field
                0x03fc364c                vpp_get_base_clock
                0x03fc36b8                vpp_show_timing
                0x03fc37e4                vpp_show_framebuf
                0x03fc3898                vpp_show_videomode
                0x03fc3984                vpp_check_csc_mode
                0x03fc39cc                vpp_get_gcd
                0x03fc39e4                vpp_set_recursive_scale
                0x03fc3a00                vpp_convert_colfmt
                0x03fc3b74                vpp_get_sys_parameter
                0x03fc3e1c                vpp_init
                0x03fc3ffc                vpp_get_colfmt_bpp
                0x03fc4098                vpp_calc_refresh
                0x03fc40d4                vpp_calc_align
                0x03fc40fc                vpp_calc_fb_width
                0x03fc413c                vpp_set_NA12_hiprio
 .text          0x03fc4140     0x1b18 common/libcommon.a(hdmi.o)
                0x03fc4140                hdmi_ecc
                0x03fc4240                hdmi_checksum
                0x03fc428c                hdmi_set_power_down
                0x03fc4328                hdmi_get_power_down
                0x03fc4340                hdmi_set_enable
                0x03fc4384                hdmi_set_avmute
                0x03fc43a0                hdmi_set_dvi_enable
                0x03fc43cc                hdmi_set_sync_low_active
                0x03fc4404                hdmi_get_sync_polar
                0x03fc4440                hdmi_set_output_colfmt
                0x03fc449c                hdmi_get_output_colfmt
                0x03fc44dc                hdmi_get_plugin
                0x03fc452c                hdmi_get_plug_status
                0x03fc4544                hdmi_clear_plug_status
                0x03fc456c                hdmi_enable_plugin
                0x03fc4598                hdmi_write_fifo
                0x03fc45f8                hdmi_read_fifo
                0x03fc4688                hdmi_DDC_check_status
                0x03fc4748                hdmi_DDC_set_freq
                0x03fc477c                hdmi_DDC_reset
                0x03fc47b4                hdmi_DDC_read_func
                0x03fc4a4c                hdmi_DDC_read
                0x03fc4aa8                hdmi_audio_enable
                0x03fc4af8                hdmi_audio_mute
                0x03fc4b14                hdmi_write_packet
                0x03fc4bd0                hdmi_tx_null_packet
                0x03fc4be0                hdmi_tx_general_control_packet
                0x03fc4c24                hdmi_get_pic_aspect
                0x03fc4c44                hdmi_get_vic
                0x03fc4cbc                hdmi_tx_avi_infoframe_packet
                0x03fc4d78                hdmi_tx_audio_infoframe_packet
                0x03fc4df4                hdmi_tx_vendor_specific_infoframe_packet
                0x03fc4ea4                hdmi_get_n_cts
                0x03fc505c                hdmi_set_audio_n_cts
                0x03fc5124                hdmi_config_audio
                0x03fc52a8                hdmi_config_video
                0x03fc52c8                hdmi_set_option
                0x03fc5320                hdmi_config
                0x03fc5470                hdmi_set_cp_enable
                0x03fc54a8                hdmi_check_cp_int
                0x03fc54cc                hdmi_get_bksv
                0x03fc54f0                hdmi_check_plugin
                0x03fc5564                hdmi_reg_dump
                0x03fc5a74                hdmi_init
 .text          0x03fc5c58     0x208c common/libcommon.a(parse-edid.o)
                0x03fc5c94                edid_parse_CEA_VendorSpecDataBlock
                0x03fc61b8                edid_dump
                0x03fc6218                edid_checksum
                0x03fc6244                edid_parse
                0x03fc7a60                edid_find_support
                0x03fc7c8c                edid_get_hdmi_phy_addr
                0x03fc7ca4                edid_get_hdmi_3d_mask
 .text          0x03fc7ce4     0x1168 common/libcommon.a(vout-wmt.o)
                0x03fc8204                vo_i2c_proc
                0x03fc8298                vout_set_int_type
                0x03fc82e0                vout_set_int_enable
                0x03fc8308                vout_get_clr_int
                0x03fc834c                vo_dvi_initial
                0x03fc8368                vo_hdmi_set_clock
                0x03fc8444                vo_hdmi_cp_set_enable_tmr
                0x03fc85bc                vo_hdmi_initial
                0x03fc85d8                vo_lvds_initial
                0x03fc85f4                vout_add_display
                0x03fc899c                vout_check_display
                0x03fc8c58                vout_init
                0x03fc8e44                vout_exit
 .text          0x03fc8e4c       0xe4 common/libcommon.a(lcd-oem.o)
                0x03fc8e4c                lcd_oem_get_parm
                0x03fc8e58                lcd_uboot_set_backlight
                0x03fc8e94                lcd_oem_enable_backlight
                0x03fc8ec0                lcd_oem_init
                0x03fc8ed0                lcd_get_oem_parm
 .text          0x03fc8f30       0x28 common/libcommon.a(lcd-AUO-A080SN01.o)
                0x03fc8f30                lcd_a080sn01_get_parm
                0x03fc8f48                lcd_a080sn01_init
 .text          0x03fc8f58       0x24 common/libcommon.a(lcd-INNOLUX-AT070TN83.o)
                0x03fc8f60                lcd_at070tn83_get_parm
                0x03fc8f6c                lcd_at070tn83_init
 .text          0x03fc8f7c       0x3c common/libcommon.a(lcd-CHILIN-LW700at9003.o)
                0x03fc8f7c                lcd_lw700at9003_get_parm
                0x03fc8fa8                lcd_lw700at9003_init
 .text          0x03fc8fb8       0x34 common/libcommon.a(lcd-EKING-EK08009-70135.o)
                0x03fc8fb8                lcd_ek08009_get_parm
                0x03fc8fdc                lcd_ek08009_init
 .text          0x03fc8fec       0x34 common/libcommon.a(lcd-HANNSTAR-HSD101PFW2.o)
                0x03fc8fec                lcd_HSD101PFW2_get_parm
                0x03fc9010                lcd_HSD101PFW2_init
 .text          0x03fc9020       0x28 common/libcommon.a(lcd-lvds-1024x600.o)
                0x03fc9020                lcd_LVDS_1024x600_get_parm
                0x03fc9038                lcd_LVDS_1024x600_init
 .text          0x03fc9048      0xc34 common/libcommon.a(vt1625.o)
                0x03fc9b04                vt1625_reg_dump
                0x03fc9b9c                vt1625_module_init
 .text          0x03fc9c7c      0x290 common/libcommon.a(vt1632.o)
                0x03fc9c7c                vt1632_config
                0x03fc9c84                vt1632_get_edid
                0x03fc9c8c                vt1632_set_power_down
                0x03fc9d20                vt1632_set_mode
                0x03fc9dcc                vt1632_init
                0x03fc9e70                vt1632_check_plugin
                0x03fc9eec                vt1632_interrupt
                0x03fc9ef4                vt1632_module_init
 .text          0x03fc9f0c        0x8 common/libcommon.a(sil902x.o)
                0x03fc9f0c                sil902x_module_init
 .text          0x03fc9f14      0x1d0 common/libcommon.a(lcd-setup.o)
                0x03fc9f6c                lcd_spi_setup
 .text          0x03fca0e4      0x640 common/libcommon.a(vpp-osif.o)
                0x03fca0e4                inl
                0x03fca0ec                outl
                0x03fca0f4                inw
                0x03fca0fc                outw
                0x03fca104                inb
                0x03fca10c                outb
                0x03fca114                vpp_udelay
                0x03fca118                vppif_reg32_write
                0x03fca150                vppif_reg32_read
                0x03fca16c                vppif_reg32_mask
                0x03fca174                vpp_request_irq
                0x03fca17c                vpp_free_irq
                0x03fca180                wmt_getsyspara
                0x03fca1c8                vpp_parse_param
                0x03fca25c                vpp_lock_l
                0x03fca260                vpp_unlock
                0x03fca264                vpp_i2c_xfer
                0x03fca268                vpp_i2c_init
                0x03fca270                vpp_i2c_release
                0x03fca278                vpp_i2c_set_lock
                0x03fca27c                vpp_i2c_enhanced_ddc_read
                0x03fca380                vpp_i2c_read
                0x03fca45c                vpp_i2c_write
                0x03fca52c                DelayMS
                0x03fca54c                vpp_check_dbg_level
                0x03fca590                vpp_dbg_show
                0x03fca5c0                vpp_dbg_show_val1
                0x03fca614                vpp_reg_dump
                0x03fca688                vpp_backup_reg
                0x03fca6dc                vpp_restore_reg
 .text          0x03fca724      0x870 common/libcommon.a(sw_i2c.o)
                0x03fca72c                wmt_swi2c_lock
                0x03fca730                wmt_swi2c_delay
                0x03fca734                wmt_swi2c_SetSDAInput
                0x03fca78c                wmt_swi2c_SetSDAOutput
                0x03fca7e4                wmt_swi2c_GetSDA
                0x03fca814                wmt_swi2c_GetSCL
                0x03fca844                wmt_swi2c_SetSDA
                0x03fca93c                wmt_swi2c_SetSCL
                0x03fcaa34                wmt_swi2c_SetData
                0x03fcaa78                wmt_swi2c_SetClock
                0x03fcaac8                wmt_swi2c_StartI2C
                0x03fcab24                wmt_swi2c_StopI2C
                0x03fcab7c                wmt_swi2c_WriteAck
                0x03fcac00                wmt_swi2c_ReadAck
                0x03fcaccc                wmt_swi2c_tx
                0x03fcad28                wmt_swi2c_rx
                0x03fcad90                wmt_swi2c_reg_bk
                0x03fcae0c                wmt_swi2c_read
                0x03fcaee0                wmt_swi2c_write
                0x03fcaf8c                wmt_swi2c_check
 .text          0x03fcaf94      0x104 lib_generic/libgeneric.a(crc32.o)
                0x03fcaf94                crc32
 .text          0x03fcb098        0x0 lib_generic/libgeneric.a(ctype.o)
 .text          0x03fcb098       0xbc lib_generic/libgeneric.a(display_options.o)
                0x03fcb098                display_options
                0x03fcb0b8                print_size
 .text          0x03fcb154      0x5c8 lib_generic/libgeneric.a(string.o)
                0x03fcb170                strnicmp
                0x03fcb1e4                strcpy
                0x03fcb1fc                strncpy
                0x03fcb21c                strcat
                0x03fcb248                strncat
                0x03fcb290                strcmp
                0x03fcb2b8                strncmp
                0x03fcb2f4                strchr
                0x03fcb328                strlen
                0x03fcb344                strrchr
                0x03fcb380                strnlen
                0x03fcb3a4                strdup
                0x03fcb3d8                strspn
                0x03fcb418                strpbrk
                0x03fcb454                strtok
                0x03fcb4cc                strsep
                0x03fcb500                strswab
                0x03fcb54c                memset
                0x03fcb5b0                bcopy
                0x03fcb5d0                memcpy
                0x03fcb5e4                memmove
                0x03fcb628                memcmp
                0x03fcb660                memscan
                0x03fcb688                strstr
                0x03fcb6e8                memchr
 .text          0x03fcb71c      0x860 lib_generic/libgeneric.a(vsprintf.o)
                0x03fcb978                simple_strtoul
                0x03fcba30                simple_strtol
                0x03fcba58                simple_strtoull
                0x03fcbb40                vsprintf
                0x03fcbf0c                sprintf
                0x03fcbf30                panic
 .text          0x03fcbf7c      0x1b0 lib_generic/libgeneric.a(gunzip.o)
                0x03fcbf7c                zfree
                0x03fcbf84                zalloc
                0x03fcbf94                zunzip
                0x03fcc080                gunzip
 .text          0x03fcc12c     0x2634 lib_generic/libgeneric.a(zlib.o)
                0x03fcc12c                zcfree
                0x03fcc134                zcalloc
                0x03fcc13c                inflate_fast
                0x03fcc650                inflate_table
                0x03fccbb8                inflateReset
                0x03fccc58                inflateInit2_
                0x03fccd5c                inflateInit_
                0x03fccd70                inflateEnd
                0x03fccdfc                adler32
                0x03fcd0cc                inflate
 .text          0x03fce760       0x50 board/wmt/libwmt.a(wmt.o)
                0x03fce760                board_init
                0x03fce788                misc_init_r
                0x03fce790                dram_init
                0x03fce7ac                __aeabi_unwind_cpp_pr0
 .text          0x03fce7b0      0x298 board/wmt/libwmt.a(flash.o)
                0x03fce7b0                get_boot_flash_type
                0x03fce7dc                get_boot_nand_flash_bit_type
                0x03fce7fc                flash_init
                0x03fce99c                flash_print_info
                0x03fce9c4                flash_erase
                0x03fce9f4                read_buff
                0x03fce9f8                write_buff
                0x03fcea28                flash_real_protect
 .text          0x03fcea48       0x24 board/wmt/libwmt.a(main.o)
                0x03fcea48                wmt_post
 .text          0x03fcea6c      0x900 board/wmt/libwmt.a(spi_flash.o)
                0x03fceb38                spi_flash_read_status
                0x03fceb58                spi_flash_write_status
                0x03fcec60                spi_flash_real_protect
                0x03fcec64                spi_flash_init
                0x03fceee4                spi_flash_print_info
                0x03fcef9c                spi_flash_erase
                0x03fcf1b0                spi_write_buff
                0x03fcf20c                spi_read_buff
 .text          0x03fcf36c       0x24 board/wmt/libwmt.a(nand_flash.o)
                0x03fcf36c                nand_flash_init
                0x03fcf374                nand_flash_print_info
                0x03fcf378                nand_flash_erase
                0x03fcf380                nand_write_buff
                0x03fcf388                nand_flash_real_protect
 .text          0x03fcf390     0x10d8 board/wmt/libwmt.a(ehci-hcd.o)
                0x03fcf4ec                ehci_submit_root
                0x03fcf968                ehci_hcd_init
                0x03fcf98c                ehci_hcd_stop
                0x03fcf99c                usb_lowlevel_stop
                0x03fcf9a0                strtochar
                0x03fcf9c8                ehci_config_port_owner
                0x03fcfb64                ehci_disable_port_owner
                0x03fcfbe8                ehci_detect_device
                0x03fcfcb0                ehci_enable_port
                0x03fcfd98                usb_ehci_initial
                0x03fcfdc8                submit_int_msg
                0x03fcfdd0                usb_check_td
                0x03fcfe18                usb_check_bulk_td
                0x03fd01e4                submit_control_msg
                0x03fd0214                submit_bulk_msg
                0x03fd0248                parse_usb_param
                0x03fd02fc                usb_lowlevel_init
 .text          0x03fd0468     0x1448 board/wmt/libwmt.a(usb_uhci.o)
                0x03fd0544                usb_fill_td
                0x03fd0564                usb_fill_qh
                0x03fd0584                usb_uhci_td_stat
                0x03fd05d8                usb_get_td_status
                0x03fd0694                submit_uhci_control_msg
                0x03fd0834                submit_uhci_bulk_msg
                0x03fd09b8                uhci_alloc_int_td
                0x03fd09f8                submit_uhci_int_msg
                0x03fd0aec                reset_hc
                0x03fd0b2c                start_hc
                0x03fd0cac                reset_hc2
                0x03fd0cec                start_hc2
                0x03fd0e58                usb_init_skel
                0x03fd0f98                usb_check_skel
                0x03fd1000                usb_check_int_chain
                0x03fd10e4                handle_usb_interrupt
                0x03fd1140                uhci_lowlevel_init
                0x03fd11f4                uhci_lowlevel_stop
                0x03fd1228                uhci_submit_rh_msg
 .text          0x03fd18b0      0x3d0 board/wmt/libwmt.a(snd-vt1603.o)
                0x03fd197c                vt1603_snd_init
 .text          0x03fd1c80      0x17c board/wmt/libwmt.a(spi_flash_lock.o)
                0x03fd1c80                spi_flash_wmt_protect
 .text          0x03fd1dfc       0xd8 cpu/arm920t/libarm920t.a(cpu.o)
                0x03fd1e38                cpu_init
                0x03fd1e40                cleanup_before_linux
                0x03fd1e74                do_reset
                0x03fd1e8c                icache_enable
                0x03fd1ea8                icache_disable
                0x03fd1ec4                icache_status
 .text          0x03fd1ed4      0x1b0 cpu/arm920t/wmt/libwmt.a(serial.o)
                0x03fd1ed4                serial_putc
                0x03fd1f2c                serial_puts
                0x03fd1f4c                serial_getc
                0x03fd1f70                serial_tstc
                0x03fd1f88                serial_setbrg
                0x03fd2058                serial_init
 .text          0x03fd2084      0xc90 cpu/arm920t/wmt/libwmt.a(dma.o)
                0x03fd2084                disable_dma
                0x03fd20a0                enable_dma
                0x03fd20d4                request_dma
                0x03fd21d8                clear_dma
                0x03fd2248                free_dma
                0x03fd22d0                setup_dma
                0x03fd23e4                dma_busy
                0x03fd2434                dma_complete
                0x03fd248c                handle_dma_irq
                0x03fd24ec                prepare_dma_descript
                0x03fd257c                start_dma
                0x03fd267c                prepare_dma_long_descript
                0x03fd26c4                wake_dma_channel
                0x03fd26e4                add_descript
                0x03fd2750                init_descriptstack
                0x03fd2800                reset_descriptstack
                0x03fd2840                free_descriptstack
                0x03fd2864                init_dma
                0x03fd29d0                set_descript
                0x03fd2b80                handle_transfer
 .text          0x03fd2d14      0x110 cpu/arm920t/wmt/libwmt.a(cypherif.o)
                0x03fd2d14                cipher_enc_dec
                0x03fd2d40                cipher_obj_clear
                0x03fd2d78                sha256_action
                0x03fd2dc0                cypher_initialization
                0x03fd2dd4                cipher_release
                0x03fd2de8                cypher_encode
 .text          0x03fd2e24     0x31dc cpu/arm920t/wmt/libwmt.a(mmc.o)
                0x03fd2e24                Change_SD_host
                0x03fd2f5c                SD_Init_PDMA
                0x03fd2f90                PrintPDMAReg
                0x03fd3054                sd_init_long_desc
                0x03fd30bc                sd_check_long_desc
                0x03fd3148                sd_pdma_handler
                0x03fd3218                sd_free_pdma
                0x03fd3234                card_nop
                0x03fd3238                sd_command
                0x03fd3344                sd_send_scr
                0x03fd33bc                sd_app_command
                0x03fd3454                sd_alloc_desc_pool
                0x03fd345c                sd_init_short_desc
                0x03fd3490                sd_init_short_desc_with_end
                0x03fd34b4                sd_config_desc
                0x03fd34f4                sd_dump_memory
                0x03fd34f8                sd_config_pdma
                0x03fd3538                sdmmcSwitch
                0x03fd36e4                sdmmcSendExCSD
                0x03fd37b0                SD_Init
                0x03fd44d4                SD_Initialization
                0x03fd4540                mmc_get_dev
                0x03fd457c                mmc_block_read_singleblock
                0x03fd4664                mmc_block_read_multiblock
                0x03fd48fc                mmc_bread
                0x03fd498c                mmc_block_write_singleblock
                0x03fd4adc                mmc_block_write_multiblock
                0x03fd4d90                mmc_bwrite
                0x03fd4e28                mmc_read
                0x03fd4ec8                mmc_write
                0x03fd4ed0                mmc_fb_write
                0x03fd4f70                sd_set_clock
                0x03fd5420                mmc_ident
                0x03fd5428                mmc2info
                0x03fd543c                get_chip_version
                0x03fd54ec                SD_Controller_Powerup
                0x03fd5a30                mmc_init
                0x03fd5c98                SD_card_inserted
                0x03fd5cf4                mmc_wfs_read
                0x03fd5e84                mmc_wfs_write
 .text          0x03fd6000      0x2b0 cpu/arm920t/wmt/libwmt.a(cypher.o)
                0x03fd6000                cypher_isr
                0x03fd6020                cypher_enable
                0x03fd6048                cypher_disable
                0x03fd605c                cypher_mode_set
                0x03fd608c                cypher_prd_table
                0x03fd60d4                cypher_dma_start
                0x03fd6120                cypher_transform
                0x03fd6144                Get_Output_Buf
                0x03fd617c                Count_Patterns
                0x03fd6194                Cypher_Action
                0x03fd6250                Clear_All_Buf
                0x03fd6290                Show_Register
 .text          0x03fd62b0      0x29c lib_arm/libarm.a(memcpy.o)
                0x03fd62b0                arm_memcpy
 *fill*         0x03fd654c       0x14 00
 .text          0x03fd6560       0xc0 lib_arm/libarm.a(memset.o)
                0x03fd6580                arm_memset
 .text          0x03fd6620      0x518 lib_arm/libarm.a(armlinux.o)
                0x03fd6764                do_bootm_linux
 .text          0x03fd6b38        0x4 lib_arm/libarm.a(cache.o)
                0x03fd6b38                flush_cache
 .text          0x03fd6b3c       0xf8 lib_arm/libarm.a(qsort.o)
                0x03fd6b3c                qsort
                0x03fd6c28                strcmp_compar
 .text          0x03fd6c34      0xadc lib_arm/libarm.a(hashtable.o)
                0x03fd6c48                hcreate_r
                0x03fd6cf4                hdestroy_r
                0x03fd6d68                hstrstr_r
                0x03fd6e14                hmatch_r
                0x03fd6eb4                hsearch_r
                0x03fd719c                hdelete_r
                0x03fd7224                hexport_r
                0x03fd74c8                himport_r
 .text          0x03fd7710        0x0 lib_arm/libarm.a(errno.o)
 .text          0x03fd7710     0x34f8 fs/fat/libfat.a(fat.o)
                0x03fd9384                fatpre_register_device
                0x03fd9428                fat_register_device
                0x03fd9518                do_fat_read_at
                0x03fda0a8                do_fat_read
                0x03fda0cc                file_fat_detectfs
                0x03fda224                file_fat_ls
                0x03fda234                file_fat_read_at
                0x03fda278                file_fat_read
                0x03fda28c                file_fat_write
                0x03fda2c0                format_fat32
                0x03fda658                format_fat16
                0x03fda980                format_fat12
 .text          0x03fdac08      0x31c disk/libdisk.a(part.o)
                0x03fdac08                dev_print
                0x03fdada8                init_part
                0x03fdadc4                get_partition_info
                0x03fdadec                del_partition
                0x03fdae40                add_partition
                0x03fdae60                print_part
 .text          0x03fdaf24     0x195c disk/libdisk.a(part_dos.o)
                0x03fdbb20                test_part_dos
                0x03fdbb74                print_part_dos
                0x03fdbba0                get_partition_info_dos
                0x03fdc51c                del_partition_dos
                0x03fdc520                add_partition_dos
                0x03fdc574                getUserOrderParam
 .text          0x03fdc880      0x578 drivers/libdrivers.a(usbdcore.o)
                0x03fdc8a4                usbd_get_string
                0x03fdc8cc                usbd_device_interface_instance
                0x03fdc8fc                usbd_device_alternate_instance
                0x03fdc928                usbd_device_device_descriptor
                0x03fdc930                usbd_device_configuration_descriptor
                0x03fdc948                usbd_device_interface_descriptor
                0x03fdc980                usbd_device_endpoint_descriptor_index
                0x03fdc9b4                usbd_device_endpoint_transfersize
                0x03fdc9e8                usbd_device_endpoint_descriptor
                0x03fdca48                usbd_endpoint_halted
                0x03fdca5c                usbd_rcv_complete